// Jest Snapshot v1, https://goo.gl/fbAQLP

exports[`render test renders register page without crashing 1`] = `
<Provider
  store={
    {
      "@@observable": [Function],
      "dispatch": [Function],
      "getState": [Function],
      "replaceReducer": [Function],
      "subscribe": [Function],
    }
  }
/>
`;
